// Jest Snapshot v1, https://goo.gl/fbAQLP

exports[`ScrollingContent should render 1`] = `
<div
  className="some-class-name panel--scrollingContent"
>
  Content
</div>
`;
